sensitivity: 96 runs, 10 workers
  sensitivity 1/96 runs
  sensitivity 2/96 runs
  sensitivity 3/96 runs
  sensitivity 4/96 runs
  sensitivity 5/96 runs
  sensitivity 6/96 runs
  sensitivity 7/96 runs
  sensitivity 8/96 runs
  sensitivity 9/96 runs
  sensitivity 10/96 runs
  sensitivity 11/96 runs
  sensitivity 12/96 runs
  sensitivity 13/96 runs
  sensitivity 14/96 runs
  sensitivity 15/96 runs
  sensitivity 16/96 runs
  sensitivity 17/96 runs
  sensitivity 18/96 runs
  sensitivity 19/96 runs
  sensitivity 20/96 runs
  sensitivity 21/96 runs
  sensitivity 22/96 runs
  sensitivity 23/96 runs
  sensitivity 24/96 runs
  sensitivity 25/96 runs
  sensitivity 26/96 runs
  sensitivity 27/96 runs
  sensitivity 28/96 runs
  sensitivity 29/96 runs
  sensitivity 30/96 runs
  sensitivity 31/96 runs
  sensitivity 32/96 runs
  sensitivity 33/96 runs
  sensitivity 34/96 runs
  sensitivity 35/96 runs
  sensitivity 36/96 runs
  sensitivity 37/96 runs
  sensitivity 38/96 runs
  sensitivity 39/96 runs
  sensitivity 40/96 runs
  sensitivity 41/96 runs
  sensitivity 42/96 runs
  sensitivity 43/96 runs
  sensitivity 44/96 runs
  sensitivity 45/96 runs
  sensitivity 46/96 runs
  sensitivity 47/96 runs
  sensitivity 48/96 runs
  sensitivity 49/96 runs
  sensitivity 50/96 runs
  sensitivity 51/96 runs
  sensitivity 52/96 runs
  sensitivity 53/96 runs
  sensitivity 54/96 runs
  sensitivity 55/96 runs
  sensitivity 56/96 runs
  sensitivity 57/96 runs
  sensitivity 58/96 runs
  sensitivity 59/96 runs
  sensitivity 60/96 runs
  sensitivity 61/96 runs
  sensitivity 62/96 runs
  sensitivity 63/96 runs
  sensitivity 64/96 runs
  sensitivity 65/96 runs
  sensitivity 66/96 runs
  sensitivity 67/96 runs
  sensitivity 68/96 runs
  sensitivity 69/96 runs
  sensitivity 70/96 runs
  sensitivity 71/96 runs
  sensitivity 72/96 runs
  sensitivity 73/96 runs
  sensitivity 74/96 runs
  sensitivity 75/96 runs
  sensitivity 76/96 runs
  sensitivity 77/96 runs
  sensitivity 78/96 runs
  sensitivity 79/96 runs
  sensitivity 80/96 runs
  sensitivity 81/96 runs
  sensitivity 82/96 runs
  sensitivity 83/96 runs
  sensitivity 84/96 runs
  sensitivity 85/96 runs
  sensitivity 86/96 runs
  sensitivity 87/96 runs
  sensitivity 88/96 runs
  sensitivity 89/96 runs
  sensitivity 90/96 runs
  sensitivity 91/96 runs
  sensitivity 92/96 runs
  sensitivity 93/96 runs
  sensitivity 94/96 runs
  sensitivity 95/96 runs
  sensitivity 96/96 runs
intervention outcomes (paired CRN)...

blocks labelled: 768 | clear winner (margin>=0.5): 67%
median stations with positive gain: 6
median constraint episode length: 1.0 blocks
median cost of waiting for the break: 0 cars
done.
