sensitivity: 156 runs, 10 workers
  sensitivity 1/156 runs
  sensitivity 2/156 runs
  sensitivity 3/156 runs
  sensitivity 4/156 runs
  sensitivity 5/156 runs
  sensitivity 6/156 runs
  sensitivity 7/156 runs
  sensitivity 8/156 runs
  sensitivity 9/156 runs
  sensitivity 10/156 runs
  sensitivity 11/156 runs
  sensitivity 12/156 runs
  sensitivity 13/156 runs
  sensitivity 14/156 runs
  sensitivity 15/156 runs
  sensitivity 16/156 runs
  sensitivity 17/156 runs
  sensitivity 18/156 runs
  sensitivity 19/156 runs
  sensitivity 20/156 runs
  sensitivity 21/156 runs
  sensitivity 22/156 runs
  sensitivity 23/156 runs
  sensitivity 24/156 runs
  sensitivity 25/156 runs
  sensitivity 26/156 runs
  sensitivity 27/156 runs
  sensitivity 28/156 runs
  sensitivity 29/156 runs
  sensitivity 30/156 runs
  sensitivity 31/156 runs
  sensitivity 32/156 runs
  sensitivity 33/156 runs
  sensitivity 34/156 runs
  sensitivity 35/156 runs
  sensitivity 36/156 runs
  sensitivity 37/156 runs
  sensitivity 38/156 runs
  sensitivity 39/156 runs
  sensitivity 40/156 runs
  sensitivity 41/156 runs
  sensitivity 42/156 runs
  sensitivity 43/156 runs
  sensitivity 44/156 runs
  sensitivity 45/156 runs
  sensitivity 46/156 runs
  sensitivity 47/156 runs
  sensitivity 48/156 runs
  sensitivity 49/156 runs
  sensitivity 50/156 runs
  sensitivity 51/156 runs
  sensitivity 52/156 runs
  sensitivity 53/156 runs
  sensitivity 54/156 runs
  sensitivity 55/156 runs
  sensitivity 56/156 runs
  sensitivity 57/156 runs
  sensitivity 58/156 runs
  sensitivity 59/156 runs
  sensitivity 60/156 runs
  sensitivity 61/156 runs
  sensitivity 62/156 runs
  sensitivity 63/156 runs
  sensitivity 64/156 runs
  sensitivity 65/156 runs
  sensitivity 66/156 runs
  sensitivity 67/156 runs
  sensitivity 68/156 runs
  sensitivity 69/156 runs
  sensitivity 70/156 runs
  sensitivity 71/156 runs
  sensitivity 72/156 runs
  sensitivity 73/156 runs
  sensitivity 74/156 runs
  sensitivity 75/156 runs
  sensitivity 76/156 runs
  sensitivity 77/156 runs
  sensitivity 78/156 runs
  sensitivity 79/156 runs
  sensitivity 80/156 runs
  sensitivity 81/156 runs
  sensitivity 82/156 runs
  sensitivity 83/156 runs
  sensitivity 84/156 runs
  sensitivity 85/156 runs
  sensitivity 86/156 runs
  sensitivity 87/156 runs
  sensitivity 88/156 runs
  sensitivity 89/156 runs
  sensitivity 90/156 runs
  sensitivity 91/156 runs
  sensitivity 92/156 runs
  sensitivity 93/156 runs
  sensitivity 94/156 runs
  sensitivity 95/156 runs
  sensitivity 96/156 runs
  sensitivity 97/156 runs
  sensitivity 98/156 runs
  sensitivity 99/156 runs
  sensitivity 100/156 runs
  sensitivity 101/156 runs
  sensitivity 102/156 runs
  sensitivity 103/156 runs
  sensitivity 104/156 runs
  sensitivity 105/156 runs
  sensitivity 106/156 runs
  sensitivity 107/156 runs
  sensitivity 108/156 runs
  sensitivity 109/156 runs
  sensitivity 110/156 runs
  sensitivity 111/156 runs
  sensitivity 112/156 runs
  sensitivity 113/156 runs
  sensitivity 114/156 runs
  sensitivity 115/156 runs
  sensitivity 116/156 runs
  sensitivity 117/156 runs
  sensitivity 118/156 runs
  sensitivity 119/156 runs
  sensitivity 120/156 runs
  sensitivity 121/156 runs
  sensitivity 122/156 runs
  sensitivity 123/156 runs
  sensitivity 124/156 runs
  sensitivity 125/156 runs
  sensitivity 126/156 runs
  sensitivity 127/156 runs
  sensitivity 128/156 runs
  sensitivity 129/156 runs
  sensitivity 130/156 runs
  sensitivity 131/156 runs
  sensitivity 132/156 runs
  sensitivity 133/156 runs
  sensitivity 134/156 runs
  sensitivity 135/156 runs
  sensitivity 136/156 runs
  sensitivity 137/156 runs
  sensitivity 138/156 runs
  sensitivity 139/156 runs
  sensitivity 140/156 runs
  sensitivity 141/156 runs
  sensitivity 142/156 runs
  sensitivity 143/156 runs
  sensitivity 144/156 runs
  sensitivity 145/156 runs
  sensitivity 146/156 runs
  sensitivity 147/156 runs
  sensitivity 148/156 runs
  sensitivity 149/156 runs
  sensitivity 150/156 runs
  sensitivity 151/156 runs
  sensitivity 152/156 runs
  sensitivity 153/156 runs
  sensitivity 154/156 runs
  sensitivity 155/156 runs
  sensitivity 156/156 runs
intervention outcomes (paired CRN)...

blocks labelled: 1248 | clear winner (margin>=0.5): 63%
median stations with positive gain: 6
median constraint episode length: 1.0 blocks
median cost of waiting for the break: 9 cars
done.
